******************************************************************************
       MSP430 Evaluation Linker PC v3.3.3                      
******************************************************************************
>> Linked Wed Mar 13 23:45:29 2013

OUTPUT FILE NAME:   <AudioServoController_V1.out>
ENTRY POINT SYMBOL: "_c_int00"  address: 0000ff5c


MEMORY CONFIGURATION

         name            origin    length      used     unused   attr    fill
----------------------  --------  ---------  --------  --------  ----  --------
  SFR                   00000000   00000010  00000000  00000010  RWIX
  PERIPHERALS_8BIT      00000010   000000f0  00000000  000000f0  RWIX
  PERIPHERALS_16BIT     00000100   00000100  00000000  00000100  RWIX
  RAM                   00000200   00000080  00000058  00000028  RWIX
  INFOD                 00001000   00000040  00000000  00000040  RWIX
  INFOC                 00001040   00000040  00000000  00000040  RWIX
  INFOB                 00001080   00000040  00000000  00000040  RWIX
  INFOA                 000010c0   00000040  00000000  00000040  RWIX
  FLASH                 0000f800   000007e0  000007a2  0000003e  RWIX
  INT00                 0000ffe0   00000002  00000000  00000002  RWIX
  INT01                 0000ffe2   00000002  00000000  00000002  RWIX
  INT02                 0000ffe4   00000002  00000000  00000002  RWIX
  INT03                 0000ffe6   00000002  00000000  00000002  RWIX
  INT04                 0000ffe8   00000002  00000000  00000002  RWIX
  INT05                 0000ffea   00000002  00000000  00000002  RWIX
  INT06                 0000ffec   00000002  00000000  00000002  RWIX
  INT07                 0000ffee   00000002  00000000  00000002  RWIX
  INT08                 0000fff0   00000002  00000002  00000000  RWIX
  INT09                 0000fff2   00000002  00000000  00000002  RWIX
  INT10                 0000fff4   00000002  00000000  00000002  RWIX
  INT11                 0000fff6   00000002  00000000  00000002  RWIX
  INT12                 0000fff8   00000002  00000000  00000002  RWIX
  INT13                 0000fffa   00000002  00000000  00000002  RWIX
  INT14                 0000fffc   00000002  00000000  00000002  RWIX
  RESET                 0000fffe   00000002  00000002  00000000  RWIX


SECTION ALLOCATION MAP

 output                                  attributes/
section   page    origin      length       input sections
--------  ----  ----------  ----------   ----------------
.cinit     0    0000f800    00000000     UNINITIALIZED

.pinit     0    0000f800    00000000     UNINITIALIZED

.bss       0    00000200    00000026     UNINITIALIZED
                  00000200    0000001e     main.obj (.bss)
                  0000021e    00000004     rts430.lib : _lock.obj (.bss)
                  00000222    00000004                : boot.obj (.bss)

.stack     0    0000024c    00000032     UNINITIALIZED
                  0000024c    00000002     rts430.lib : boot.obj (.stack)
                  0000024e    00000030     --HOLE--

.text      0    0000f800    000007a2     
                  0000f800    0000058a     main.obj (.text:main)
                  0000fd8a    00000110     main.obj (.text:Timer1_A1)
                  0000fe9a    00000058     rts430.lib : div32u.obj (.text)
                  0000fef2    0000003e                : lsl32.obj (.text:l_lsl_const)
                  0000ff30    0000002c                : lsl16.obj (.text)
                  0000ff5c    0000001e                : boot.obj (.text:_c_int00_noinit_noexit)
                  0000ff7a    00000014                : mult16.obj (.text)
                  0000ff8e    0000000a                : abs.obj (.text:abs)
                  0000ff98    00000004                : pre_init.obj (.text:_system_pre_init)
                  0000ff9c    00000004                : exit.obj (.text:abort)
                  0000ffa0    00000002                : _lock.obj (.text:_nop)

.int08     0    0000fff0    00000002     
                  0000fff0    00000002     <whole-program> (.int08)

.reset     0    0000fffe    00000002     
                  0000fffe    00000002     rts430.lib : boot.obj (.reset)


GLOBAL SYMBOLS: SORTED ALPHABETICALLY BY Name 

address    name
--------   ----
00000200   .bss
0000f800   .text
0000004a   ADC10AE0
000001b0   ADC10CTL0
000001b2   ADC10CTL1
00000048   ADC10DTC0
00000049   ADC10DTC1
000001b4   ADC10MEM
000001bc   ADC10SA
00000057   BCSCTL1
00000058   BCSCTL2
00000053   BCSCTL3
0000ff9c   C$$EXIT
000010ff   CALBC1_1MHZ
000010fe   CALDCO_1MHZ
00000208   Counter1
0000020c   Counter2
00000210   Counter3
00000214   Counter4
00000218   Counter5
00000056   DCOCTL
00000128   FCTL1
0000012a   FCTL2
0000012c   FCTL3
00000000   IE1
00000002   IFG1
0000ff30   I_LSL
0000ff58   I_LSL_1
0000ff46   I_LSL_10
0000ff44   I_LSL_11
0000ff42   I_LSL_12
0000ff40   I_LSL_13
0000ff3e   I_LSL_14
0000ff3c   I_LSL_15
0000ff56   I_LSL_2
0000ff54   I_LSL_3
0000ff52   I_LSL_4
0000ff50   I_LSL_5
0000ff4e   I_LSL_6
0000ff4c   I_LSL_7
0000ff4a   I_LSL_8
0000ff48   I_LSL_9
00000206   Interrupted
00000204   LED1Timeout
00000205   LED2Timeout
0000ff2a   L_LSL_1
0000ff06   L_LSL_10
0000ff02   L_LSL_11
0000fefe   L_LSL_12
0000fefa   L_LSL_13
0000fef6   L_LSL_14
0000fef2   L_LSL_15
0000ff26   L_LSL_2
0000ff22   L_LSL_3
0000ff1e   L_LSL_4
0000ff1a   L_LSL_5
0000ff16   L_LSL_6
0000ff12   L_LSL_7
0000ff0e   L_LSL_8
0000ff0a   L_LSL_9
00000022   P1DIR
00000025   P1IE
00000024   P1IES
00000023   P1IFG
00000020   P1IN
00000021   P1OUT
00000027   P1REN
00000026   P1SEL
0000002a   P2DIR
0000002d   P2IE
0000002c   P2IES
0000002b   P2IFG
00000028   P2IN
00000029   P2OUT
0000002f   P2REN
0000002e   P2SEL
00000172   TACCR0
00000174   TACCR1
00000162   TACCTL0
00000164   TACCTL1
00000160   TACTL
0000012e   TAIV
00000170   TAR
0000fd8a   Timer1_A1
0000007a   USICCTL
0000007a   USICKCTL
0000007b   USICNT
00000078   USICTL
00000078   USICTL0
00000079   USICTL1
0000007c   USISR
0000007d   USISRH
0000007c   USISRL
00000120   WDTCTL
0000027e   __STACK_END
00000032   __STACK_SIZE
00000001   __TI_args_main
00000001   __TI_auto_init
00000001   __TI_exit
ffffffff   __binit__
00000200   __bss__
ffffffff   __c_args__
ffffffff   __cinit__
0000fe9a   __divul
00000226   __end__
0000ffa2   __etext__
0000ff7a   __mpyi
ffffffff   __pinit__
0000fe9a   __remul
0000f800   __text__
0000ff5c   _c_int00
0000ff5c   _c_int00_noinit_noexit
00000222   _cleanup_ptr
00000224   _dtors_ptr
0000021e   _lock
0000ffa0   _nop
0000fffe   _reset_vector
0000024c   _stack
0000ff98   _system_pre_init
00000220   _unlock
0000ff9c   abort
0000ff8e   abs
ffffffff   binit
ffffffff   cinit
00000226   end
0000ffa2   etext
0000f800   main
0000021d   mode
ffffffff   pinit
00000200   servo1
00000202   servo2
0000021c   servo_timeout


GLOBAL SYMBOLS: SORTED BY Symbol Address 

address    name
--------   ----
00000000   IE1
00000001   __TI_args_main
00000001   __TI_auto_init
00000001   __TI_exit
00000002   IFG1
00000020   P1IN
00000021   P1OUT
00000022   P1DIR
00000023   P1IFG
00000024   P1IES
00000025   P1IE
00000026   P1SEL
00000027   P1REN
00000028   P2IN
00000029   P2OUT
0000002a   P2DIR
0000002b   P2IFG
0000002c   P2IES
0000002d   P2IE
0000002e   P2SEL
0000002f   P2REN
00000032   __STACK_SIZE
00000048   ADC10DTC0
00000049   ADC10DTC1
0000004a   ADC10AE0
00000053   BCSCTL3
00000056   DCOCTL
00000057   BCSCTL1
00000058   BCSCTL2
00000078   USICTL
00000078   USICTL0
00000079   USICTL1
0000007a   USICCTL
0000007a   USICKCTL
0000007b   USICNT
0000007c   USISR
0000007c   USISRL
0000007d   USISRH
00000120   WDTCTL
00000128   FCTL1
0000012a   FCTL2
0000012c   FCTL3
0000012e   TAIV
00000160   TACTL
00000162   TACCTL0
00000164   TACCTL1
00000170   TAR
00000172   TACCR0
00000174   TACCR1
000001b0   ADC10CTL0
000001b2   ADC10CTL1
000001b4   ADC10MEM
000001bc   ADC10SA
00000200   .bss
00000200   __bss__
00000200   servo1
00000202   servo2
00000204   LED1Timeout
00000205   LED2Timeout
00000206   Interrupted
00000208   Counter1
0000020c   Counter2
00000210   Counter3
00000214   Counter4
00000218   Counter5
0000021c   servo_timeout
0000021d   mode
0000021e   _lock
00000220   _unlock
00000222   _cleanup_ptr
00000224   _dtors_ptr
00000226   __end__
00000226   end
0000024c   _stack
0000027e   __STACK_END
000010fe   CALDCO_1MHZ
000010ff   CALBC1_1MHZ
0000f800   .text
0000f800   __text__
0000f800   main
0000fd8a   Timer1_A1
0000fe9a   __divul
0000fe9a   __remul
0000fef2   L_LSL_15
0000fef6   L_LSL_14
0000fefa   L_LSL_13
0000fefe   L_LSL_12
0000ff02   L_LSL_11
0000ff06   L_LSL_10
0000ff0a   L_LSL_9
0000ff0e   L_LSL_8
0000ff12   L_LSL_7
0000ff16   L_LSL_6
0000ff1a   L_LSL_5
0000ff1e   L_LSL_4
0000ff22   L_LSL_3
0000ff26   L_LSL_2
0000ff2a   L_LSL_1
0000ff30   I_LSL
0000ff3c   I_LSL_15
0000ff3e   I_LSL_14
0000ff40   I_LSL_13
0000ff42   I_LSL_12
0000ff44   I_LSL_11
0000ff46   I_LSL_10
0000ff48   I_LSL_9
0000ff4a   I_LSL_8
0000ff4c   I_LSL_7
0000ff4e   I_LSL_6
0000ff50   I_LSL_5
0000ff52   I_LSL_4
0000ff54   I_LSL_3
0000ff56   I_LSL_2
0000ff58   I_LSL_1
0000ff5c   _c_int00
0000ff5c   _c_int00_noinit_noexit
0000ff7a   __mpyi
0000ff8e   abs
0000ff98   _system_pre_init
0000ff9c   C$$EXIT
0000ff9c   abort
0000ffa0   _nop
0000ffa2   __etext__
0000ffa2   etext
0000fffe   _reset_vector
ffffffff   __binit__
ffffffff   __c_args__
ffffffff   __cinit__
ffffffff   __pinit__
ffffffff   binit
ffffffff   cinit
ffffffff   pinit

[132 symbols]
